// Jest Snapshot v1, https://goo.gl/fbAQLP

exports[`Pruebas en <GifItem/> Debe hacer match con el snapshot 1`] = `
<div>
  <div
    class="card"
  >
    <img
      alt="Esto es un título"
      src="https://hola.com/"
    />
    <p>
      Esto es un título
    </p>
  </div>
</div>
`;
